2026-07-02T06:10:51.382Z\nMongoServerError: E11000 duplicate key error collection: bcc.performanceads index: agency_1 dup key: { agency: ObjectId('6a3b74b9a58b1b87f5d57df8') }
    at InsertOneOperation.handleOk (E:\Bcc Seo\backend\node_modules\mongodb\lib\operations\insert.js:51:19)
    at executeOperationWithRetries (E:\Bcc Seo\backend\node_modules\mongodb\lib\operations\execute_operation.js:194:34)
    at process.processTicksAndRejections (node:internal/process/task_queues:105:5)
    at async executeOperation (E:\Bcc Seo\backend\node_modules\mongodb\lib\operations\execute_operation.js:83:16)
    at async Collection.insertOne (E:\Bcc Seo\backend\node_modules\mongodb\lib\collection.js:154:16)
    at async model.$__save (E:\Bcc Seo\backend\node_modules\mongoose\lib\model.js:434:16)
    at async maybeTracedSave (E:\Bcc Seo\backend\node_modules\mongoose\lib\model.js:675:7)
    at async Object.getPerformanceAdsDashboard (E:\Bcc Seo\backend\src\modules\performanceAds\performanceAds.service.js:34:5)
    at async exports.getDashboard (E:\Bcc Seo\backend\src\modules\performanceAds\performanceAds.controller.js:18:23)\n\n2026-07-02T12:00:59.850Z\nTypeError: Class constructor ObjectId cannot be invoked without 'new'
    at Object.getBenchmarkTableData (E:\Bcc Seo\backend\src\modules\benchmarking\benchmark.service.js:63:54)
    at exports.getBenchmarkTableData (E:\Bcc Seo\backend\src\modules\benchmarking\benchmark.controller.js:25:45)
    at Layer.handleRequest (E:\Bcc Seo\backend\node_modules\router\lib\layer.js:152:17)
    at next (E:\Bcc Seo\backend\node_modules\router\lib\route.js:157:13)
    at Route.dispatch (E:\Bcc Seo\backend\node_modules\router\lib\route.js:117:3)
    at handle (E:\Bcc Seo\backend\node_modules\router\index.js:435:11)
    at Layer.handleRequest (E:\Bcc Seo\backend\node_modules\router\lib\layer.js:152:17)
    at E:\Bcc Seo\backend\node_modules\router\index.js:295:15
    at processParams (E:\Bcc Seo\backend\node_modules\router\index.js:582:12)
    at next (E:\Bcc Seo\backend\node_modules\router\index.js:291:5)
    at authMiddleware (E:\Bcc Seo\backend\src\middlewares\authMiddleware.js:52:3)
    at Layer.handleRequest (E:\Bcc Seo\backend\node_modules\router\lib\layer.js:152:17)
    at trimPrefix (E:\Bcc Seo\backend\node_modules\router\index.js:342:13)
    at E:\Bcc Seo\backend\node_modules\router\index.js:297:9
    at processParams (E:\Bcc Seo\backend\node_modules\router\index.js:582:12)
    at next (E:\Bcc Seo\backend\node_modules\router\index.js:291:5)\n\n2026-07-02T12:00:59.881Z\nTypeError: Class constructor ObjectId cannot be invoked without 'new'
    at Object.getBenchmarkTableData (E:\Bcc Seo\backend\src\modules\benchmarking\benchmark.service.js:63:54)
    at exports.getBenchmarkTableData (E:\Bcc Seo\backend\src\modules\benchmarking\benchmark.controller.js:25:45)
    at Layer.handleRequest (E:\Bcc Seo\backend\node_modules\router\lib\layer.js:152:17)
    at next (E:\Bcc Seo\backend\node_modules\router\lib\route.js:157:13)
    at Route.dispatch (E:\Bcc Seo\backend\node_modules\router\lib\route.js:117:3)
    at handle (E:\Bcc Seo\backend\node_modules\router\index.js:435:11)
    at Layer.handleRequest (E:\Bcc Seo\backend\node_modules\router\lib\layer.js:152:17)
    at E:\Bcc Seo\backend\node_modules\router\index.js:295:15
    at processParams (E:\Bcc Seo\backend\node_modules\router\index.js:582:12)
    at next (E:\Bcc Seo\backend\node_modules\router\index.js:291:5)
    at authMiddleware (E:\Bcc Seo\backend\src\middlewares\authMiddleware.js:52:3)
    at Layer.handleRequest (E:\Bcc Seo\backend\node_modules\router\lib\layer.js:152:17)
    at trimPrefix (E:\Bcc Seo\backend\node_modules\router\index.js:342:13)
    at E:\Bcc Seo\backend\node_modules\router\index.js:297:9
    at processParams (E:\Bcc Seo\backend\node_modules\router\index.js:582:12)
    at next (E:\Bcc Seo\backend\node_modules\router\index.js:291:5)\n\n2026-07-02T12:01:13.064Z\nTypeError: Class constructor ObjectId cannot be invoked without 'new'
    at Object.getBenchmarkTableData (E:\Bcc Seo\backend\src\modules\benchmarking\benchmark.service.js:63:54)
    at exports.getBenchmarkTableData (E:\Bcc Seo\backend\src\modules\benchmarking\benchmark.controller.js:25:45)
    at Layer.handleRequest (E:\Bcc Seo\backend\node_modules\router\lib\layer.js:152:17)
    at next (E:\Bcc Seo\backend\node_modules\router\lib\route.js:157:13)
    at Route.dispatch (E:\Bcc Seo\backend\node_modules\router\lib\route.js:117:3)
    at handle (E:\Bcc Seo\backend\node_modules\router\index.js:435:11)
    at Layer.handleRequest (E:\Bcc Seo\backend\node_modules\router\lib\layer.js:152:17)
    at E:\Bcc Seo\backend\node_modules\router\index.js:295:15
    at processParams (E:\Bcc Seo\backend\node_modules\router\index.js:582:12)
    at next (E:\Bcc Seo\backend\node_modules\router\index.js:291:5)
    at authMiddleware (E:\Bcc Seo\backend\src\middlewares\authMiddleware.js:52:3)
    at Layer.handleRequest (E:\Bcc Seo\backend\node_modules\router\lib\layer.js:152:17)
    at trimPrefix (E:\Bcc Seo\backend\node_modules\router\index.js:342:13)
    at E:\Bcc Seo\backend\node_modules\router\index.js:297:9
    at processParams (E:\Bcc Seo\backend\node_modules\router\index.js:582:12)
    at next (E:\Bcc Seo\backend\node_modules\router\index.js:291:5)\n\n2026-07-02T12:01:13.232Z\nTypeError: Class constructor ObjectId cannot be invoked without 'new'
    at Object.getBenchmarkTableData (E:\Bcc Seo\backend\src\modules\benchmarking\benchmark.service.js:63:54)
    at exports.getBenchmarkTableData (E:\Bcc Seo\backend\src\modules\benchmarking\benchmark.controller.js:25:45)
    at Layer.handleRequest (E:\Bcc Seo\backend\node_modules\router\lib\layer.js:152:17)
    at next (E:\Bcc Seo\backend\node_modules\router\lib\route.js:157:13)
    at Route.dispatch (E:\Bcc Seo\backend\node_modules\router\lib\route.js:117:3)
    at handle (E:\Bcc Seo\backend\node_modules\router\index.js:435:11)
    at Layer.handleRequest (E:\Bcc Seo\backend\node_modules\router\lib\layer.js:152:17)
    at E:\Bcc Seo\backend\node_modules\router\index.js:295:15
    at processParams (E:\Bcc Seo\backend\node_modules\router\index.js:582:12)
    at next (E:\Bcc Seo\backend\node_modules\router\index.js:291:5)
    at authMiddleware (E:\Bcc Seo\backend\src\middlewares\authMiddleware.js:52:3)
    at Layer.handleRequest (E:\Bcc Seo\backend\node_modules\router\lib\layer.js:152:17)
    at trimPrefix (E:\Bcc Seo\backend\node_modules\router\index.js:342:13)
    at E:\Bcc Seo\backend\node_modules\router\index.js:297:9
    at processParams (E:\Bcc Seo\backend\node_modules\router\index.js:582:12)
    at next (E:\Bcc Seo\backend\node_modules\router\index.js:291:5)\n\n2026-07-02T12:01:27.178Z\nTypeError: Class constructor ObjectId cannot be invoked without 'new'
    at Object.getBenchmarkTableData (E:\Bcc Seo\backend\src\modules\benchmarking\benchmark.service.js:63:54)
    at exports.getBenchmarkTableData (E:\Bcc Seo\backend\src\modules\benchmarking\benchmark.controller.js:25:45)
    at Layer.handleRequest (E:\Bcc Seo\backend\node_modules\router\lib\layer.js:152:17)
    at next (E:\Bcc Seo\backend\node_modules\router\lib\route.js:157:13)
    at Route.dispatch (E:\Bcc Seo\backend\node_modules\router\lib\route.js:117:3)
    at handle (E:\Bcc Seo\backend\node_modules\router\index.js:435:11)
    at Layer.handleRequest (E:\Bcc Seo\backend\node_modules\router\lib\layer.js:152:17)
    at E:\Bcc Seo\backend\node_modules\router\index.js:295:15
    at processParams (E:\Bcc Seo\backend\node_modules\router\index.js:582:12)
    at next (E:\Bcc Seo\backend\node_modules\router\index.js:291:5)
    at authMiddleware (E:\Bcc Seo\backend\src\middlewares\authMiddleware.js:52:3)
    at Layer.handleRequest (E:\Bcc Seo\backend\node_modules\router\lib\layer.js:152:17)
    at trimPrefix (E:\Bcc Seo\backend\node_modules\router\index.js:342:13)
    at E:\Bcc Seo\backend\node_modules\router\index.js:297:9
    at processParams (E:\Bcc Seo\backend\node_modules\router\index.js:582:12)
    at next (E:\Bcc Seo\backend\node_modules\router\index.js:291:5)\n\n2026-07-02T12:01:30.669Z\nTypeError: Class constructor ObjectId cannot be invoked without 'new'
    at Object.getBenchmarkTableData (E:\Bcc Seo\backend\src\modules\benchmarking\benchmark.service.js:63:54)
    at exports.getBenchmarkTableData (E:\Bcc Seo\backend\src\modules\benchmarking\benchmark.controller.js:25:45)
    at Layer.handleRequest (E:\Bcc Seo\backend\node_modules\router\lib\layer.js:152:17)
    at next (E:\Bcc Seo\backend\node_modules\router\lib\route.js:157:13)
    at Route.dispatch (E:\Bcc Seo\backend\node_modules\router\lib\route.js:117:3)
    at handle (E:\Bcc Seo\backend\node_modules\router\index.js:435:11)
    at Layer.handleRequest (E:\Bcc Seo\backend\node_modules\router\lib\layer.js:152:17)
    at E:\Bcc Seo\backend\node_modules\router\index.js:295:15
    at processParams (E:\Bcc Seo\backend\node_modules\router\index.js:582:12)
    at next (E:\Bcc Seo\backend\node_modules\router\index.js:291:5)
    at authMiddleware (E:\Bcc Seo\backend\src\middlewares\authMiddleware.js:52:3)
    at Layer.handleRequest (E:\Bcc Seo\backend\node_modules\router\lib\layer.js:152:17)
    at trimPrefix (E:\Bcc Seo\backend\node_modules\router\index.js:342:13)
    at E:\Bcc Seo\backend\node_modules\router\index.js:297:9
    at processParams (E:\Bcc Seo\backend\node_modules\router\index.js:582:12)
    at next (E:\Bcc Seo\backend\node_modules\router\index.js:291:5)\n\n2026-07-02T12:01:39.636Z\nTypeError: Class constructor ObjectId cannot be invoked without 'new'
    at Object.getBenchmarkTableData (E:\Bcc Seo\backend\src\modules\benchmarking\benchmark.service.js:63:54)
    at exports.getBenchmarkTableData (E:\Bcc Seo\backend\src\modules\benchmarking\benchmark.controller.js:25:45)
    at Layer.handleRequest (E:\Bcc Seo\backend\node_modules\router\lib\layer.js:152:17)
    at next (E:\Bcc Seo\backend\node_modules\router\lib\route.js:157:13)
    at Route.dispatch (E:\Bcc Seo\backend\node_modules\router\lib\route.js:117:3)
    at handle (E:\Bcc Seo\backend\node_modules\router\index.js:435:11)
    at Layer.handleRequest (E:\Bcc Seo\backend\node_modules\router\lib\layer.js:152:17)
    at E:\Bcc Seo\backend\node_modules\router\index.js:295:15
    at processParams (E:\Bcc Seo\backend\node_modules\router\index.js:582:12)
    at next (E:\Bcc Seo\backend\node_modules\router\index.js:291:5)
    at authMiddleware (E:\Bcc Seo\backend\src\middlewares\authMiddleware.js:52:3)
    at Layer.handleRequest (E:\Bcc Seo\backend\node_modules\router\lib\layer.js:152:17)
    at trimPrefix (E:\Bcc Seo\backend\node_modules\router\index.js:342:13)
    at E:\Bcc Seo\backend\node_modules\router\index.js:297:9
    at processParams (E:\Bcc Seo\backend\node_modules\router\index.js:582:12)
    at next (E:\Bcc Seo\backend\node_modules\router\index.js:291:5)\n\n2026-07-02T12:01:48.698Z\nTypeError: Class constructor ObjectId cannot be invoked without 'new'
    at Object.getBenchmarkTableData (E:\Bcc Seo\backend\src\modules\benchmarking\benchmark.service.js:63:54)
    at exports.getBenchmarkTableData (E:\Bcc Seo\backend\src\modules\benchmarking\benchmark.controller.js:25:45)
    at Layer.handleRequest (E:\Bcc Seo\backend\node_modules\router\lib\layer.js:152:17)
    at next (E:\Bcc Seo\backend\node_modules\router\lib\route.js:157:13)
    at Route.dispatch (E:\Bcc Seo\backend\node_modules\router\lib\route.js:117:3)
    at handle (E:\Bcc Seo\backend\node_modules\router\index.js:435:11)
    at Layer.handleRequest (E:\Bcc Seo\backend\node_modules\router\lib\layer.js:152:17)
    at E:\Bcc Seo\backend\node_modules\router\index.js:295:15
    at processParams (E:\Bcc Seo\backend\node_modules\router\index.js:582:12)
    at next (E:\Bcc Seo\backend\node_modules\router\index.js:291:5)
    at authMiddleware (E:\Bcc Seo\backend\src\middlewares\authMiddleware.js:52:3)
    at Layer.handleRequest (E:\Bcc Seo\backend\node_modules\router\lib\layer.js:152:17)
    at trimPrefix (E:\Bcc Seo\backend\node_modules\router\index.js:342:13)
    at E:\Bcc Seo\backend\node_modules\router\index.js:297:9
    at processParams (E:\Bcc Seo\backend\node_modules\router\index.js:582:12)
    at next (E:\Bcc Seo\backend\node_modules\router\index.js:291:5)\n\n2026-07-02T13:31:05.973Z\nTypeError: Cannot read properties of null (reading 'companyName')
    at E:\Bcc Seo\backend\src\modules\mos\mos.controller.js:59:32
    at Array.map (<anonymous>)
    at exports.getMosDashboard (E:\Bcc Seo\backend\src\modules\mos\mos.controller.js:57:39)
    at process.processTicksAndRejections (node:internal/process/task_queues:105:5)\n\n2026-07-02T13:31:06.381Z\nTypeError: Cannot read properties of null (reading 'companyName')
    at E:\Bcc Seo\backend\src\modules\mos\mos.controller.js:59:32
    at Array.map (<anonymous>)
    at exports.getMosDashboard (E:\Bcc Seo\backend\src\modules\mos\mos.controller.js:57:39)
    at process.processTicksAndRejections (node:internal/process/task_queues:105:5)\n\n2026-07-02T13:31:06.792Z\nTypeError: Cannot read properties of null (reading 'companyName')
    at E:\Bcc Seo\backend\src\modules\mos\mos.controller.js:59:32
    at Array.map (<anonymous>)
    at exports.getMosDashboard (E:\Bcc Seo\backend\src\modules\mos\mos.controller.js:57:39)
    at process.processTicksAndRejections (node:internal/process/task_queues:105:5)\n\n2026-07-02T13:31:07.213Z\nTypeError: Cannot read properties of null (reading 'companyName')
    at E:\Bcc Seo\backend\src\modules\mos\mos.controller.js:59:32
    at Array.map (<anonymous>)
    at exports.getMosDashboard (E:\Bcc Seo\backend\src\modules\mos\mos.controller.js:57:39)
    at process.processTicksAndRejections (node:internal/process/task_queues:105:5)\n\n2026-07-02T13:34:13.841Z\nTypeError: Cannot read properties of null (reading 'companyName')
    at E:\Bcc Seo\backend\src\modules\mos\mos.controller.js:59:32
    at Array.map (<anonymous>)
    at exports.getMosDashboard (E:\Bcc Seo\backend\src\modules\mos\mos.controller.js:57:39)
    at process.processTicksAndRejections (node:internal/process/task_queues:105:5)\n\n2026-07-02T13:34:14.249Z\nTypeError: Cannot read properties of null (reading 'companyName')
    at E:\Bcc Seo\backend\src\modules\mos\mos.controller.js:59:32
    at Array.map (<anonymous>)
    at exports.getMosDashboard (E:\Bcc Seo\backend\src\modules\mos\mos.controller.js:57:39)
    at process.processTicksAndRejections (node:internal/process/task_queues:105:5)\n\n2026-07-02T13:34:14.647Z\nTypeError: Cannot read properties of null (reading 'companyName')
    at E:\Bcc Seo\backend\src\modules\mos\mos.controller.js:59:32
    at Array.map (<anonymous>)
    at exports.getMosDashboard (E:\Bcc Seo\backend\src\modules\mos\mos.controller.js:57:39)
    at process.processTicksAndRejections (node:internal/process/task_queues:105:5)\n\n2026-07-02T13:34:15.051Z\nTypeError: Cannot read properties of null (reading 'companyName')
    at E:\Bcc Seo\backend\src\modules\mos\mos.controller.js:59:32
    at Array.map (<anonymous>)
    at exports.getMosDashboard (E:\Bcc Seo\backend\src\modules\mos\mos.controller.js:57:39)
    at process.processTicksAndRejections (node:internal/process/task_queues:105:5)\n\n2026-07-02T13:34:15.846Z\nTypeError: Cannot read properties of null (reading 'companyName')
    at E:\Bcc Seo\backend\src\modules\mos\mos.controller.js:59:32
    at Array.map (<anonymous>)
    at exports.getMosDashboard (E:\Bcc Seo\backend\src\modules\mos\mos.controller.js:57:39)
    at process.processTicksAndRejections (node:internal/process/task_queues:105:5)\n\n2026-07-02T13:34:16.259Z\nTypeError: Cannot read properties of null (reading 'companyName')
    at E:\Bcc Seo\backend\src\modules\mos\mos.controller.js:59:32
    at Array.map (<anonymous>)
    at exports.getMosDashboard (E:\Bcc Seo\backend\src\modules\mos\mos.controller.js:57:39)
    at process.processTicksAndRejections (node:internal/process/task_queues:105:5)\n\n2026-07-02T13:34:16.686Z\nTypeError: Cannot read properties of null (reading 'companyName')
    at E:\Bcc Seo\backend\src\modules\mos\mos.controller.js:59:32
    at Array.map (<anonymous>)
    at exports.getMosDashboard (E:\Bcc Seo\backend\src\modules\mos\mos.controller.js:57:39)
    at process.processTicksAndRejections (node:internal/process/task_queues:105:5)\n\n2026-07-02T13:34:17.104Z\nTypeError: Cannot read properties of null (reading 'companyName')
    at E:\Bcc Seo\backend\src\modules\mos\mos.controller.js:59:32
    at Array.map (<anonymous>)
    at exports.getMosDashboard (E:\Bcc Seo\backend\src\modules\mos\mos.controller.js:57:39)
    at process.processTicksAndRejections (node:internal/process/task_queues:105:5)\n\n2026-07-02T13:34:25.792Z\nTypeError: Cannot read properties of null (reading 'companyName')
    at E:\Bcc Seo\backend\src\modules\mos\mos.controller.js:59:32
    at Array.map (<anonymous>)
    at exports.getMosDashboard (E:\Bcc Seo\backend\src\modules\mos\mos.controller.js:57:39)
    at process.processTicksAndRejections (node:internal/process/task_queues:105:5)\n\n2026-07-02T13:34:26.199Z\nTypeError: Cannot read properties of null (reading 'companyName')
    at E:\Bcc Seo\backend\src\modules\mos\mos.controller.js:59:32
    at Array.map (<anonymous>)
    at exports.getMosDashboard (E:\Bcc Seo\backend\src\modules\mos\mos.controller.js:57:39)
    at process.processTicksAndRejections (node:internal/process/task_queues:105:5)\n\n2026-07-02T13:34:26.612Z\nTypeError: Cannot read properties of null (reading 'companyName')
    at E:\Bcc Seo\backend\src\modules\mos\mos.controller.js:59:32
    at Array.map (<anonymous>)
    at exports.getMosDashboard (E:\Bcc Seo\backend\src\modules\mos\mos.controller.js:57:39)
    at process.processTicksAndRejections (node:internal/process/task_queues:105:5)\n\n2026-07-02T13:34:27.021Z\nTypeError: Cannot read properties of null (reading 'companyName')
    at E:\Bcc Seo\backend\src\modules\mos\mos.controller.js:59:32
    at Array.map (<anonymous>)
    at exports.getMosDashboard (E:\Bcc Seo\backend\src\modules\mos\mos.controller.js:57:39)
    at process.processTicksAndRejections (node:internal/process/task_queues:105:5)\n\n2026-07-02T13:34:47.291Z\nTypeError: Cannot read properties of null (reading 'companyName')
    at E:\Bcc Seo\backend\src\modules\mos\mos.controller.js:59:32
    at Array.map (<anonymous>)
    at exports.getMosDashboard (E:\Bcc Seo\backend\src\modules\mos\mos.controller.js:57:39)
    at process.processTicksAndRejections (node:internal/process/task_queues:105:5)\n\n2026-07-02T13:34:47.705Z\nTypeError: Cannot read properties of null (reading 'companyName')
    at E:\Bcc Seo\backend\src\modules\mos\mos.controller.js:59:32
    at Array.map (<anonymous>)
    at exports.getMosDashboard (E:\Bcc Seo\backend\src\modules\mos\mos.controller.js:57:39)
    at process.processTicksAndRejections (node:internal/process/task_queues:105:5)\n\n2026-07-02T13:34:48.112Z\nTypeError: Cannot read properties of null (reading 'companyName')
    at E:\Bcc Seo\backend\src\modules\mos\mos.controller.js:59:32
    at Array.map (<anonymous>)
    at exports.getMosDashboard (E:\Bcc Seo\backend\src\modules\mos\mos.controller.js:57:39)
    at process.processTicksAndRejections (node:internal/process/task_queues:105:5)\n\n2026-07-02T13:34:48.543Z\nTypeError: Cannot read properties of null (reading 'companyName')
    at E:\Bcc Seo\backend\src\modules\mos\mos.controller.js:59:32
    at Array.map (<anonymous>)
    at exports.getMosDashboard (E:\Bcc Seo\backend\src\modules\mos\mos.controller.js:57:39)
    at process.processTicksAndRejections (node:internal/process/task_queues:105:5)\n\n2026-07-02T13:35:04.967Z\nTypeError: Cannot read properties of null (reading 'companyName')
    at E:\Bcc Seo\backend\src\modules\mos\mos.controller.js:59:32
    at Array.map (<anonymous>)
    at exports.getMosDashboard (E:\Bcc Seo\backend\src\modules\mos\mos.controller.js:57:39)
    at process.processTicksAndRejections (node:internal/process/task_queues:105:5)\n\n2026-07-02T13:35:04.969Z\nTypeError: Cannot read properties of null (reading 'companyName')
    at E:\Bcc Seo\backend\src\modules\mos\mos.controller.js:59:32
    at Array.map (<anonymous>)
    at exports.getMosDashboard (E:\Bcc Seo\backend\src\modules\mos\mos.controller.js:57:39)
    at process.processTicksAndRejections (node:internal/process/task_queues:105:5)\n\n2026-07-04T05:40:58.382Z\nTypeError: Cannot read properties of undefined (reading 'campaignScheduledCompanyId')
    at auth (E:\Bcc Seo\backend\src\modules\campaign-scheduled\googleBusiness.controller.js:42:40)
    at Layer.handleRequest (E:\Bcc Seo\backend\node_modules\router\lib\layer.js:152:17)
    at next (E:\Bcc Seo\backend\node_modules\router\lib\route.js:157:13)
    at Route.dispatch (E:\Bcc Seo\backend\node_modules\router\lib\route.js:117:3)
    at handle (E:\Bcc Seo\backend\node_modules\router\index.js:435:11)
    at Layer.handleRequest (E:\Bcc Seo\backend\node_modules\router\lib\layer.js:152:17)
    at E:\Bcc Seo\backend\node_modules\router\index.js:295:15
    at processParams (E:\Bcc Seo\backend\node_modules\router\index.js:582:12)
    at next (E:\Bcc Seo\backend\node_modules\router\index.js:291:5)
    at Function.handle (E:\Bcc Seo\backend\node_modules\router\index.js:186:3)
    at router (E:\Bcc Seo\backend\node_modules\router\index.js:60:12)
    at Layer.handleRequest (E:\Bcc Seo\backend\node_modules\router\lib\layer.js:152:17)
    at trimPrefix (E:\Bcc Seo\backend\node_modules\router\index.js:342:13)
    at E:\Bcc Seo\backend\node_modules\router\index.js:297:9
    at processParams (E:\Bcc Seo\backend\node_modules\router\index.js:582:12)
    at next (E:\Bcc Seo\backend\node_modules\router\index.js:291:5)\n\n2026-07-08T08:10:09.765Z\nPayloadTooLargeError: request entity too large
    at readStream (E:\Bcc Seo\backend\node_modules\raw-body\index.js:163:17)
    at getRawBody (E:\Bcc Seo\backend\node_modules\raw-body\index.js:116:12)
    at read (E:\Bcc Seo\backend\node_modules\body-parser\lib\read.js:113:3)
    at jsonParser (E:\Bcc Seo\backend\node_modules\body-parser\lib\types\json.js:60:5)
    at Layer.handleRequest (E:\Bcc Seo\backend\node_modules\router\lib\layer.js:152:17)
    at trimPrefix (E:\Bcc Seo\backend\node_modules\router\index.js:342:13)
    at E:\Bcc Seo\backend\node_modules\router\index.js:297:9
    at processParams (E:\Bcc Seo\backend\node_modules\router\index.js:582:12)
    at next (E:\Bcc Seo\backend\node_modules\router\index.js:291:5)
    at cors (E:\Bcc Seo\backend\node_modules\cors\lib\index.js:188:7)
    at E:\Bcc Seo\backend\node_modules\cors\lib\index.js:224:17
    at origin (E:\Bcc Seo\backend\src\app.js:22:7)
    at E:\Bcc Seo\backend\node_modules\cors\lib\index.js:219:13
    at optionsCallback (E:\Bcc Seo\backend\node_modules\cors\lib\index.js:199:9)
    at corsMiddleware (E:\Bcc Seo\backend\node_modules\cors\lib\index.js:204:7)
    at Layer.handleRequest (E:\Bcc Seo\backend\node_modules\router\lib\layer.js:152:17)\n\n2026-07-09T08:58:48.202Z\nMulterError: File too large
    at abortWithCode (E:\Bcc Seo\backend\node_modules\multer\lib\make-middleware.js:107:22)
    at FileStream.<anonymous> (E:\Bcc Seo\backend\node_modules\multer\lib\make-middleware.js:221:11)
    at FileStream.emit (node:events:524:28)
    at SBMH.ssCb [as _cb] (E:\Bcc Seo\backend\node_modules\busboy\lib\types\multipart.js:479:32)
    at feed (E:\Bcc Seo\backend\node_modules\streamsearch\lib\sbmh.js:248:10)
    at SBMH.push (E:\Bcc Seo\backend\node_modules\streamsearch\lib\sbmh.js:104:16)
    at Multipart._write (E:\Bcc Seo\backend\node_modules\busboy\lib\types\multipart.js:567:19)
    at writeOrBuffer (node:internal/streams/writable:572:12)
    at _write (node:internal/streams/writable:501:10)
    at Writable.write (node:internal/streams/writable:510:10)
    at IncomingMessage.ondata (node:internal/streams/readable:1009:22)
    at IncomingMessage.emit (node:events:524:28)
    at Readable.read (node:internal/streams/readable:782:10)
    at flow (node:internal/streams/readable:1283:53)
    at resume_ (node:internal/streams/readable:1262:3)
    at process.processTicksAndRejections (node:internal/process/task_queues:90:21)\n\n2026-07-09T10:51:31.077Z\nundefined\n\n2026-07-14T12:59:56.990Z\nundefined\n\n2026-07-21T10:28:12.093Z\nError: Template extraction failed: E11000 duplicate key error collection: bcc.pages index: websiteId_1_path_1 dup key: { websiteId: ObjectId('6a5f49989bcbc4f202c2b970'), path: "/home" }
    at exports.createWebsite (D:\Louis\Task\BCC\bcc 1\bcc\backend\src\modules\websites\website.controller.js:214:17)
    at process.processTicksAndRejections (node:internal/process/task_queues:105:5)\n\n2026-07-21T10:29:26.190Z\nError: Template extraction failed: E11000 duplicate key error collection: bcc.pages index: websiteId_1_path_1 dup key: { websiteId: ObjectId('6a5f49e29bcbc4f202c2b974'), path: "/home" }
    at exports.createWebsite (D:\Louis\Task\BCC\bcc 1\bcc\backend\src\modules\websites\website.controller.js:214:17)
    at process.processTicksAndRejections (node:internal/process/task_queues:105:5)\n\n2026-07-21T10:30:12.601Z\nError: Template extraction failed: E11000 duplicate key error collection: bcc.pages index: websiteId_1_path_1 dup key: { websiteId: ObjectId('6a5f4a0d9bcbc4f202c2b977'), path: "/home" }
    at exports.createWebsite (D:\Louis\Task\BCC\bcc 1\bcc\backend\src\modules\websites\website.controller.js:214:17)
    at process.processTicksAndRejections (node:internal/process/task_queues:105:5)\n\n2026-07-21T11:24:30.928Z\nundefined\n\n2026-07-21T11:24:45.013Z\nundefined\n\n2026-07-22T04:54:02.420Z\nCastError: Cast to ObjectId failed for value "temp-1784696038483" (type string) at path "_id" for model "Page"
    at SchemaObjectId.cast (D:\Louis\Task\BCC\bcc 1\bcc\backend\node_modules\mongoose\lib\schema\objectId.js:252:11)
    at SchemaType.applySetters (D:\Louis\Task\BCC\bcc 1\bcc\backend\node_modules\mongoose\lib\schemaType.js:1373:12)
    at SchemaType.castForQuery (D:\Louis\Task\BCC\bcc 1\bcc\backend\node_modules\mongoose\lib\schemaType.js:1793:17)
    at cast (D:\Louis\Task\BCC\bcc 1\bcc\backend\node_modules\mongoose\lib\cast.js:386:32)
    at Query.cast (D:\Louis\Task\BCC\bcc 1\bcc\backend\node_modules\mongoose\lib\query.js:5228:12)
    at Query._castConditions (D:\Louis\Task\BCC\bcc 1\bcc\backend\node_modules\mongoose\lib\query.js:2411:10)
    at model.Query._findOne (D:\Louis\Task\BCC\bcc 1\bcc\backend\node_modules\mongoose\lib\query.js:2758:8)
    at maybeTracedQueryExec (D:\Louis\Task\BCC\bcc 1\bcc\backend\node_modules\mongoose\lib\query.js:4801:83)
    at process.processTicksAndRejections (node:internal/process/task_queues:105:5)
    at async exports.getPage (D:\Louis\Task\BCC\bcc 1\bcc\backend\src\modules\websites\website.controller.js:449:18)\n\n2026-07-22T04:54:02.533Z\nCastError: Cast to ObjectId failed for value "temp-1784696038483" (type string) at path "_id" for model "Page"
    at SchemaObjectId.cast (D:\Louis\Task\BCC\bcc 1\bcc\backend\node_modules\mongoose\lib\schema\objectId.js:252:11)
    at SchemaType.applySetters (D:\Louis\Task\BCC\bcc 1\bcc\backend\node_modules\mongoose\lib\schemaType.js:1373:12)
    at SchemaType.castForQuery (D:\Louis\Task\BCC\bcc 1\bcc\backend\node_modules\mongoose\lib\schemaType.js:1793:17)
    at cast (D:\Louis\Task\BCC\bcc 1\bcc\backend\node_modules\mongoose\lib\cast.js:386:32)
    at Query.cast (D:\Louis\Task\BCC\bcc 1\bcc\backend\node_modules\mongoose\lib\query.js:5228:12)
    at Query._castConditions (D:\Louis\Task\BCC\bcc 1\bcc\backend\node_modules\mongoose\lib\query.js:2411:10)
    at model.Query._findOne (D:\Louis\Task\BCC\bcc 1\bcc\backend\node_modules\mongoose\lib\query.js:2758:8)
    at maybeTracedQueryExec (D:\Louis\Task\BCC\bcc 1\bcc\backend\node_modules\mongoose\lib\query.js:4801:83)
    at process.processTicksAndRejections (node:internal/process/task_queues:105:5)
    at async exports.getPage (D:\Louis\Task\BCC\bcc 1\bcc\backend\src\modules\websites\website.controller.js:449:18)\n\n2026-07-22T04:54:33.288Z\nCastError: Cast to ObjectId failed for value "temp-1784696065529" (type string) at path "_id" for model "Page"
    at SchemaObjectId.cast (D:\Louis\Task\BCC\bcc 1\bcc\backend\node_modules\mongoose\lib\schema\objectId.js:252:11)
    at SchemaType.applySetters (D:\Louis\Task\BCC\bcc 1\bcc\backend\node_modules\mongoose\lib\schemaType.js:1373:12)
    at SchemaType.castForQuery (D:\Louis\Task\BCC\bcc 1\bcc\backend\node_modules\mongoose\lib\schemaType.js:1793:17)
    at cast (D:\Louis\Task\BCC\bcc 1\bcc\backend\node_modules\mongoose\lib\cast.js:386:32)
    at Query.cast (D:\Louis\Task\BCC\bcc 1\bcc\backend\node_modules\mongoose\lib\query.js:5228:12)
    at Query._castConditions (D:\Louis\Task\BCC\bcc 1\bcc\backend\node_modules\mongoose\lib\query.js:2411:10)
    at model.Query._findOne (D:\Louis\Task\BCC\bcc 1\bcc\backend\node_modules\mongoose\lib\query.js:2758:8)
    at maybeTracedQueryExec (D:\Louis\Task\BCC\bcc 1\bcc\backend\node_modules\mongoose\lib\query.js:4801:83)
    at process.processTicksAndRejections (node:internal/process/task_queues:105:5)
    at async exports.getPage (D:\Louis\Task\BCC\bcc 1\bcc\backend\src\modules\websites\website.controller.js:449:18)\n\n2026-07-22T04:54:33.354Z\nCastError: Cast to ObjectId failed for value "temp-1784696065529" (type string) at path "_id" for model "Page"
    at SchemaObjectId.cast (D:\Louis\Task\BCC\bcc 1\bcc\backend\node_modules\mongoose\lib\schema\objectId.js:252:11)
    at SchemaType.applySetters (D:\Louis\Task\BCC\bcc 1\bcc\backend\node_modules\mongoose\lib\schemaType.js:1373:12)
    at SchemaType.castForQuery (D:\Louis\Task\BCC\bcc 1\bcc\backend\node_modules\mongoose\lib\schemaType.js:1793:17)
    at cast (D:\Louis\Task\BCC\bcc 1\bcc\backend\node_modules\mongoose\lib\cast.js:386:32)
    at Query.cast (D:\Louis\Task\BCC\bcc 1\bcc\backend\node_modules\mongoose\lib\query.js:5228:12)
    at Query._castConditions (D:\Louis\Task\BCC\bcc 1\bcc\backend\node_modules\mongoose\lib\query.js:2411:10)
    at model.Query._findOne (D:\Louis\Task\BCC\bcc 1\bcc\backend\node_modules\mongoose\lib\query.js:2758:8)
    at maybeTracedQueryExec (D:\Louis\Task\BCC\bcc 1\bcc\backend\node_modules\mongoose\lib\query.js:4801:83)
    at process.processTicksAndRejections (node:internal/process/task_queues:105:5)
    at async exports.getPage (D:\Louis\Task\BCC\bcc 1\bcc\backend\src\modules\websites\website.controller.js:449:18)\n\n2026-07-23T05:24:26.188Z\nMongoServerError: E11000 duplicate key error collection: bcc.pages index: websiteId_1_path_1 dup key: { websiteId: ObjectId('6a61a0575a24a1024d9b092e'), path: "/new" }
    at InsertOneOperation.handleOk (D:\Louis\Task\BCC\bcc 1\bcc\backend\node_modules\mongodb\lib\operations\insert.js:51:19)
    at executeOperationWithRetries (D:\Louis\Task\BCC\bcc 1\bcc\backend\node_modules\mongodb\lib\operations\execute_operation.js:194:34)
    at process.processTicksAndRejections (node:internal/process/task_queues:105:5)
    at async executeOperation (D:\Louis\Task\BCC\bcc 1\bcc\backend\node_modules\mongodb\lib\operations\execute_operation.js:83:16)
    at async Collection.insertOne (D:\Louis\Task\BCC\bcc 1\bcc\backend\node_modules\mongodb\lib\collection.js:154:16)
    at async model.$__save (D:\Louis\Task\BCC\bcc 1\bcc\backend\node_modules\mongoose\lib\model.js:434:16)
    at async maybeTracedSave (D:\Louis\Task\BCC\bcc 1\bcc\backend\node_modules\mongoose\lib\model.js:675:7)
    at async exports.addPage (D:\Louis\Task\BCC\bcc 1\bcc\backend\src\modules\websites\website.controller.js:717:23)\n\n2026-07-23T05:24:42.503Z\nMongoServerError: E11000 duplicate key error collection: bcc.pages index: websiteId_1_path_1 dup key: { websiteId: ObjectId('6a61a0575a24a1024d9b092e'), path: "/new" }
    at InsertOneOperation.handleOk (D:\Louis\Task\BCC\bcc 1\bcc\backend\node_modules\mongodb\lib\operations\insert.js:51:19)
    at executeOperationWithRetries (D:\Louis\Task\BCC\bcc 1\bcc\backend\node_modules\mongodb\lib\operations\execute_operation.js:194:34)
    at process.processTicksAndRejections (node:internal/process/task_queues:105:5)
    at async executeOperation (D:\Louis\Task\BCC\bcc 1\bcc\backend\node_modules\mongodb\lib\operations\execute_operation.js:83:16)
    at async Collection.insertOne (D:\Louis\Task\BCC\bcc 1\bcc\backend\node_modules\mongodb\lib\collection.js:154:16)
    at async model.$__save (D:\Louis\Task\BCC\bcc 1\bcc\backend\node_modules\mongoose\lib\model.js:434:16)
    at async maybeTracedSave (D:\Louis\Task\BCC\bcc 1\bcc\backend\node_modules\mongoose\lib\model.js:675:7)
    at async exports.addPage (D:\Louis\Task\BCC\bcc 1\bcc\backend\src\modules\websites\website.controller.js:717:23)\n\n2026-07-23T05:24:46.946Z\nMongoServerError: E11000 duplicate key error collection: bcc.pages index: websiteId_1_path_1 dup key: { websiteId: ObjectId('6a61a0575a24a1024d9b092e'), path: "/new" }
    at InsertOneOperation.handleOk (D:\Louis\Task\BCC\bcc 1\bcc\backend\node_modules\mongodb\lib\operations\insert.js:51:19)
    at executeOperationWithRetries (D:\Louis\Task\BCC\bcc 1\bcc\backend\node_modules\mongodb\lib\operations\execute_operation.js:194:34)
    at process.processTicksAndRejections (node:internal/process/task_queues:105:5)
    at async executeOperation (D:\Louis\Task\BCC\bcc 1\bcc\backend\node_modules\mongodb\lib\operations\execute_operation.js:83:16)
    at async Collection.insertOne (D:\Louis\Task\BCC\bcc 1\bcc\backend\node_modules\mongodb\lib\collection.js:154:16)
    at async model.$__save (D:\Louis\Task\BCC\bcc 1\bcc\backend\node_modules\mongoose\lib\model.js:434:16)
    at async maybeTracedSave (D:\Louis\Task\BCC\bcc 1\bcc\backend\node_modules\mongoose\lib\model.js:675:7)
    at async exports.addPage (D:\Louis\Task\BCC\bcc 1\bcc\backend\src\modules\websites\website.controller.js:717:23)\n\n
2026-07-24T10:25:30.505Z\nMongoServerSelectionError: getaddrinfo ENOTFOUND ac-wo2gqd5-shard-00-00.hhhks6y.mongodb.net
    at Topology.selectServer (D:\Louis\Task\BCC\bcc 1\bcc\backend\node_modules\mongodb\lib\sdam\topology.js:348:38)
    at async executeOperationWithRetries (D:\Louis\Task\BCC\bcc 1\bcc\backend\node_modules\mongodb\lib\operations\execute_operation.js:260:22)
    at async executeOperation (D:\Louis\Task\BCC\bcc 1\bcc\backend\node_modules\mongodb\lib\operations\execute_operation.js:83:16)
    at async FindCursor._initialize (D:\Louis\Task\BCC\bcc 1\bcc\backend\node_modules\mongodb\lib\cursor\find_cursor.js:62:26)
    at async FindCursor.cursorInit (D:\Louis\Task\BCC\bcc 1\bcc\backend\node_modules\mongodb\lib\cursor\abstract_cursor.js:620:27)
    at async FindCursor.fetchBatch (D:\Louis\Task\BCC\bcc 1\bcc\backend\node_modules\mongodb\lib\cursor\abstract_cursor.js:654:13)
    at async FindCursor.next (D:\Louis\Task\BCC\bcc 1\bcc\backend\node_modules\mongodb\lib\cursor\abstract_cursor.js:326:17)
    at async Collection.findOne (D:\Louis\Task\BCC\bcc 1\bcc\backend\node_modules\mongodb\lib\collection.js:313:24)
    at async model.Query._findOne (D:\Louis\Task\BCC\bcc 1\bcc\backend\node_modules\mongoose\lib\query.js:2773:15)
    at async maybeTracedQueryExec (D:\Louis\Task\BCC\bcc 1\bcc\backend\node_modules\mongoose\lib\query.js:4801:65)
    at async exports.getWebsiteDetails (D:\Louis\Task\BCC\bcc 1\bcc\backend\src\modules\websites\website.controller.js:538:21)\n\n2026-07-24T10:25:41.856Z\nMongoServerSelectionError: getaddrinfo ENOTFOUND ac-wo2gqd5-shard-00-00.hhhks6y.mongodb.net
    at Topology.selectServer (D:\Louis\Task\BCC\bcc 1\bcc\backend\node_modules\mongodb\lib\sdam\topology.js:348:38)
    at async executeOperationWithRetries (D:\Louis\Task\BCC\bcc 1\bcc\backend\node_modules\mongodb\lib\operations\execute_operation.js:260:22)
    at async executeOperation (D:\Louis\Task\BCC\bcc 1\bcc\backend\node_modules\mongodb\lib\operations\execute_operation.js:83:16)
    at async FindCursor._initialize (D:\Louis\Task\BCC\bcc 1\bcc\backend\node_modules\mongodb\lib\cursor\find_cursor.js:62:26)
    at async FindCursor.cursorInit (D:\Louis\Task\BCC\bcc 1\bcc\backend\node_modules\mongodb\lib\cursor\abstract_cursor.js:620:27)
    at async FindCursor.fetchBatch (D:\Louis\Task\BCC\bcc 1\bcc\backend\node_modules\mongodb\lib\cursor\abstract_cursor.js:654:13)
    at async FindCursor.next (D:\Louis\Task\BCC\bcc 1\bcc\backend\node_modules\mongodb\lib\cursor\abstract_cursor.js:326:17)
    at async Collection.findOne (D:\Louis\Task\BCC\bcc 1\bcc\backend\node_modules\mongodb\lib\collection.js:313:24)
    at async model.Query._findOne (D:\Louis\Task\BCC\bcc 1\bcc\backend\node_modules\mongoose\lib\query.js:2773:15)
    at async maybeTracedQueryExec (D:\Louis\Task\BCC\bcc 1\bcc\backend\node_modules\mongoose\lib\query.js:4801:65)
    at async exports.getWebsiteDetails (D:\Louis\Task\BCC\bcc 1\bcc\backend\src\modules\websites\website.controller.js:538:21)\n\n2026-07-24T10:25:43.684Z\nMongoServerSelectionError: getaddrinfo ENOTFOUND ac-wo2gqd5-shard-00-00.hhhks6y.mongodb.net
    at Topology.selectServer (D:\Louis\Task\BCC\bcc 1\bcc\backend\node_modules\mongodb\lib\sdam\topology.js:348:38)
    at async executeOperationWithRetries (D:\Louis\Task\BCC\bcc 1\bcc\backend\node_modules\mongodb\lib\operations\execute_operation.js:157:18)
    at async executeOperation (D:\Louis\Task\BCC\bcc 1\bcc\backend\node_modules\mongodb\lib\operations\execute_operation.js:83:16)
    at async FindCursor._initialize (D:\Louis\Task\BCC\bcc 1\bcc\backend\node_modules\mongodb\lib\cursor\find_cursor.js:62:26)
    at async FindCursor.cursorInit (D:\Louis\Task\BCC\bcc 1\bcc\backend\node_modules\mongodb\lib\cursor\abstract_cursor.js:620:27)
    at async FindCursor.fetchBatch (D:\Louis\Task\BCC\bcc 1\bcc\backend\node_modules\mongodb\lib\cursor\abstract_cursor.js:654:13)
    at async FindCursor.next (D:\Louis\Task\BCC\bcc 1\bcc\backend\node_modules\mongodb\lib\cursor\abstract_cursor.js:326:17)
    at async Collection.findOne (D:\Louis\Task\BCC\bcc 1\bcc\backend\node_modules\mongodb\lib\collection.js:313:24)
    at async model.Query._findOne (D:\Louis\Task\BCC\bcc 1\bcc\backend\node_modules\mongoose\lib\query.js:2773:15)
    at async maybeTracedQueryExec (D:\Louis\Task\BCC\bcc 1\bcc\backend\node_modules\mongoose\lib\query.js:4801:65)
    at async exports.getWebsiteDetails (D:\Louis\Task\BCC\bcc 1\bcc\backend\src\modules\websites\website.controller.js:538:21)\n\n2026-07-24T10:26:03.671Z\nMongoServerSelectionError: getaddrinfo ENOTFOUND ac-wo2gqd5-shard-00-00.hhhks6y.mongodb.net
    at Topology.selectServer (D:\Louis\Task\BCC\bcc 1\bcc\backend\node_modules\mongodb\lib\sdam\topology.js:348:38)
    at async executeOperationWithRetries (D:\Louis\Task\BCC\bcc 1\bcc\backend\node_modules\mongodb\lib\operations\execute_operation.js:157:18)
    at async executeOperation (D:\Louis\Task\BCC\bcc 1\bcc\backend\node_modules\mongodb\lib\operations\execute_operation.js:83:16)
    at async FindCursor._initialize (D:\Louis\Task\BCC\bcc 1\bcc\backend\node_modules\mongodb\lib\cursor\find_cursor.js:62:26)
    at async FindCursor.cursorInit (D:\Louis\Task\BCC\bcc 1\bcc\backend\node_modules\mongodb\lib\cursor\abstract_cursor.js:620:27)
    at async FindCursor.fetchBatch (D:\Louis\Task\BCC\bcc 1\bcc\backend\node_modules\mongodb\lib\cursor\abstract_cursor.js:654:13)
    at async FindCursor.next (D:\Louis\Task\BCC\bcc 1\bcc\backend\node_modules\mongodb\lib\cursor\abstract_cursor.js:326:17)
    at async Collection.findOne (D:\Louis\Task\BCC\bcc 1\bcc\backend\node_modules\mongodb\lib\collection.js:313:24)
    at async model.Query._findOne (D:\Louis\Task\BCC\bcc 1\bcc\backend\node_modules\mongoose\lib\query.js:2773:15)
    at async maybeTracedQueryExec (D:\Louis\Task\BCC\bcc 1\bcc\backend\node_modules\mongoose\lib\query.js:4801:65)
    at async exports.getWebsiteDetails (D:\Louis\Task\BCC\bcc 1\bcc\backend\src\modules\websites\website.controller.js:538:21)\n\n2026-07-24T10:35:05.418Z\nMongoServerSelectionError: getaddrinfo ENOTFOUND ac-wo2gqd5-shard-00-00.hhhks6y.mongodb.net
    at Topology.selectServer (D:\Louis\Task\BCC\bcc 1\bcc\backend\node_modules\mongodb\lib\sdam\topology.js:348:38)
    at async executeOperationWithRetries (D:\Louis\Task\BCC\bcc 1\bcc\backend\node_modules\mongodb\lib\operations\execute_operation.js:157:18)
    at async executeOperation (D:\Louis\Task\BCC\bcc 1\bcc\backend\node_modules\mongodb\lib\operations\execute_operation.js:83:16)
    at async FindCursor._initialize (D:\Louis\Task\BCC\bcc 1\bcc\backend\node_modules\mongodb\lib\cursor\find_cursor.js:62:26)
    at async FindCursor.cursorInit (D:\Louis\Task\BCC\bcc 1\bcc\backend\node_modules\mongodb\lib\cursor\abstract_cursor.js:620:27)
    at async FindCursor.fetchBatch (D:\Louis\Task\BCC\bcc 1\bcc\backend\node_modules\mongodb\lib\cursor\abstract_cursor.js:654:13)
    at async FindCursor.next (D:\Louis\Task\BCC\bcc 1\bcc\backend\node_modules\mongodb\lib\cursor\abstract_cursor.js:326:17)
    at async Collection.findOne (D:\Louis\Task\BCC\bcc 1\bcc\backend\node_modules\mongodb\lib\collection.js:313:24)
    at async model.Query._findOne (D:\Louis\Task\BCC\bcc 1\bcc\backend\node_modules\mongoose\lib\query.js:2773:15)
    at async maybeTracedQueryExec (D:\Louis\Task\BCC\bcc 1\bcc\backend\node_modules\mongoose\lib\query.js:4801:65)
    at async exports.getWebsiteDetails (D:\Louis\Task\BCC\bcc 1\bcc\backend\src\modules\websites\website.controller.js:538:21)\n\n2026-07-24T10:35:36.615Z\nMongoServerSelectionError: getaddrinfo ENOTFOUND ac-wo2gqd5-shard-00-00.hhhks6y.mongodb.net
    at Topology.selectServer (D:\Louis\Task\BCC\bcc 1\bcc\backend\node_modules\mongodb\lib\sdam\topology.js:348:38)
    at async executeOperationWithRetries (D:\Louis\Task\BCC\bcc 1\bcc\backend\node_modules\mongodb\lib\operations\execute_operation.js:157:18)
    at async executeOperation (D:\Louis\Task\BCC\bcc 1\bcc\backend\node_modules\mongodb\lib\operations\execute_operation.js:83:16)
    at async FindCursor._initialize (D:\Louis\Task\BCC\bcc 1\bcc\backend\node_modules\mongodb\lib\cursor\find_cursor.js:62:26)
    at async FindCursor.cursorInit (D:\Louis\Task\BCC\bcc 1\bcc\backend\node_modules\mongodb\lib\cursor\abstract_cursor.js:620:27)
    at async FindCursor.fetchBatch (D:\Louis\Task\BCC\bcc 1\bcc\backend\node_modules\mongodb\lib\cursor\abstract_cursor.js:654:13)
    at async FindCursor.next (D:\Louis\Task\BCC\bcc 1\bcc\backend\node_modules\mongodb\lib\cursor\abstract_cursor.js:326:17)
    at async Collection.findOne (D:\Louis\Task\BCC\bcc 1\bcc\backend\node_modules\mongodb\lib\collection.js:313:24)
    at async model.Query._findOne (D:\Louis\Task\BCC\bcc 1\bcc\backend\node_modules\mongoose\lib\query.js:2773:15)
    at async maybeTracedQueryExec (D:\Louis\Task\BCC\bcc 1\bcc\backend\node_modules\mongoose\lib\query.js:4801:65)
    at async exports.getWebsiteDetails (D:\Louis\Task\BCC\bcc 1\bcc\backend\src\modules\websites\website.controller.js:538:21)\n\n2026-07-24T10:35:47.610Z\nMongoServerSelectionError: getaddrinfo ENOTFOUND ac-wo2gqd5-shard-00-00.hhhks6y.mongodb.net
    at Topology.selectServer (D:\Louis\Task\BCC\bcc 1\bcc\backend\node_modules\mongodb\lib\sdam\topology.js:348:38)
    at async executeOperationWithRetries (D:\Louis\Task\BCC\bcc 1\bcc\backend\node_modules\mongodb\lib\operations\execute_operation.js:157:18)
    at async executeOperation (D:\Louis\Task\BCC\bcc 1\bcc\backend\node_modules\mongodb\lib\operations\execute_operation.js:83:16)
    at async FindCursor._initialize (D:\Louis\Task\BCC\bcc 1\bcc\backend\node_modules\mongodb\lib\cursor\find_cursor.js:62:26)
    at async FindCursor.cursorInit (D:\Louis\Task\BCC\bcc 1\bcc\backend\node_modules\mongodb\lib\cursor\abstract_cursor.js:620:27)
    at async FindCursor.fetchBatch (D:\Louis\Task\BCC\bcc 1\bcc\backend\node_modules\mongodb\lib\cursor\abstract_cursor.js:654:13)
    at async FindCursor.next (D:\Louis\Task\BCC\bcc 1\bcc\backend\node_modules\mongodb\lib\cursor\abstract_cursor.js:326:17)
    at async Collection.findOne (D:\Louis\Task\BCC\bcc 1\bcc\backend\node_modules\mongodb\lib\collection.js:313:24)
    at async model.Query._findOne (D:\Louis\Task\BCC\bcc 1\bcc\backend\node_modules\mongoose\lib\query.js:2773:15)
    at async maybeTracedQueryExec (D:\Louis\Task\BCC\bcc 1\bcc\backend\node_modules\mongoose\lib\query.js:4801:65)
    at async exports.getWebsiteDetails (D:\Louis\Task\BCC\bcc 1\bcc\backend\src\modules\websites\website.controller.js:538:21)\n\n2026-07-24T10:36:09.441Z\nMongoServerSelectionError: getaddrinfo ENOTFOUND ac-wo2gqd5-shard-00-00.hhhks6y.mongodb.net
    at Topology.selectServer (D:\Louis\Task\BCC\bcc 1\bcc\backend\node_modules\mongodb\lib\sdam\topology.js:348:38)
    at async executeOperationWithRetries (D:\Louis\Task\BCC\bcc 1\bcc\backend\node_modules\mongodb\lib\operations\execute_operation.js:157:18)
    at async executeOperation (D:\Louis\Task\BCC\bcc 1\bcc\backend\node_modules\mongodb\lib\operations\execute_operation.js:83:16)
    at async FindCursor._initialize (D:\Louis\Task\BCC\bcc 1\bcc\backend\node_modules\mongodb\lib\cursor\find_cursor.js:62:26)
    at async FindCursor.cursorInit (D:\Louis\Task\BCC\bcc 1\bcc\backend\node_modules\mongodb\lib\cursor\abstract_cursor.js:620:27)
    at async FindCursor.fetchBatch (D:\Louis\Task\BCC\bcc 1\bcc\backend\node_modules\mongodb\lib\cursor\abstract_cursor.js:654:13)
    at async FindCursor.next (D:\Louis\Task\BCC\bcc 1\bcc\backend\node_modules\mongodb\lib\cursor\abstract_cursor.js:326:17)
    at async Collection.findOne (D:\Louis\Task\BCC\bcc 1\bcc\backend\node_modules\mongodb\lib\collection.js:313:24)
    at async model.Query._findOne (D:\Louis\Task\BCC\bcc 1\bcc\backend\node_modules\mongoose\lib\query.js:2773:15)
    at async maybeTracedQueryExec (D:\Louis\Task\BCC\bcc 1\bcc\backend\node_modules\mongoose\lib\query.js:4801:65)
    at async exports.getWebsiteDetails (D:\Louis\Task\BCC\bcc 1\bcc\backend\src\modules\websites\website.controller.js:538:21)\n\n2026-07-24T10:47:15.378Z\nMongoServerSelectionError: getaddrinfo ENOTFOUND ac-wo2gqd5-shard-00-00.hhhks6y.mongodb.net
    at Topology.selectServer (D:\Louis\Task\BCC\bcc 1\bcc\backend\node_modules\mongodb\lib\sdam\topology.js:348:38)
    at async executeOperationWithRetries (D:\Louis\Task\BCC\bcc 1\bcc\backend\node_modules\mongodb\lib\operations\execute_operation.js:157:18)
    at async executeOperation (D:\Louis\Task\BCC\bcc 1\bcc\backend\node_modules\mongodb\lib\operations\execute_operation.js:83:16)
    at async FindCursor._initialize (D:\Louis\Task\BCC\bcc 1\bcc\backend\node_modules\mongodb\lib\cursor\find_cursor.js:62:26)
    at async FindCursor.cursorInit (D:\Louis\Task\BCC\bcc 1\bcc\backend\node_modules\mongodb\lib\cursor\abstract_cursor.js:620:27)
    at async FindCursor.fetchBatch (D:\Louis\Task\BCC\bcc 1\bcc\backend\node_modules\mongodb\lib\cursor\abstract_cursor.js:654:13)
    at async FindCursor.next (D:\Louis\Task\BCC\bcc 1\bcc\backend\node_modules\mongodb\lib\cursor\abstract_cursor.js:326:17)
    at async Collection.findOne (D:\Louis\Task\BCC\bcc 1\bcc\backend\node_modules\mongodb\lib\collection.js:313:24)
    at async model.Query._findOne (D:\Louis\Task\BCC\bcc 1\bcc\backend\node_modules\mongoose\lib\query.js:2773:15)
    at async maybeTracedQueryExec (D:\Louis\Task\BCC\bcc 1\bcc\backend\node_modules\mongoose\lib\query.js:4801:65)
    at async exports.getWebsiteDetails (D:\Louis\Task\BCC\bcc 1\bcc\backend\src\modules\websites\website.controller.js:538:21)\n\n2026-07-24T10:47:35.445Z\nMongoServerSelectionError: getaddrinfo ENOTFOUND ac-wo2gqd5-shard-00-00.hhhks6y.mongodb.net
    at Topology.selectServer (D:\Louis\Task\BCC\bcc 1\bcc\backend\node_modules\mongodb\lib\sdam\topology.js:348:38)
    at async executeOperationWithRetries (D:\Louis\Task\BCC\bcc 1\bcc\backend\node_modules\mongodb\lib\operations\execute_operation.js:157:18)
    at async executeOperation (D:\Louis\Task\BCC\bcc 1\bcc\backend\node_modules\mongodb\lib\operations\execute_operation.js:83:16)
    at async FindCursor._initialize (D:\Louis\Task\BCC\bcc 1\bcc\backend\node_modules\mongodb\lib\cursor\find_cursor.js:62:26)
    at async FindCursor.cursorInit (D:\Louis\Task\BCC\bcc 1\bcc\backend\node_modules\mongodb\lib\cursor\abstract_cursor.js:620:27)
    at async FindCursor.fetchBatch (D:\Louis\Task\BCC\bcc 1\bcc\backend\node_modules\mongodb\lib\cursor\abstract_cursor.js:654:13)
    at async FindCursor.next (D:\Louis\Task\BCC\bcc 1\bcc\backend\node_modules\mongodb\lib\cursor\abstract_cursor.js:326:17)
    at async Collection.findOne (D:\Louis\Task\BCC\bcc 1\bcc\backend\node_modules\mongodb\lib\collection.js:313:24)
    at async model.Query._findOne (D:\Louis\Task\BCC\bcc 1\bcc\backend\node_modules\mongoose\lib\query.js:2773:15)
    at async maybeTracedQueryExec (D:\Louis\Task\BCC\bcc 1\bcc\backend\node_modules\mongoose\lib\query.js:4801:65)
    at async exports.getWebsiteDetails (D:\Louis\Task\BCC\bcc 1\bcc\backend\src\modules\websites\website.controller.js:538:21)\n\n2026-07-24T12:23:59.710Z\nundefined\n\n2026-07-24T12:25:48.012Z\nundefined\n\n2026-07-24T12:27:02.142Z\nundefined\n\n2026-07-24T12:29:01.041Z\nundefined\n\n2026-07-24T12:30:35.261Z\nundefined\n\n2026-07-24T12:32:16.719Z\nundefined\n\n2026-07-24T13:08:41.018Z\nundefined\n\n
2026-08-01T13:38:20.127Z\nTypeError: response.error is not a function
    at exports.triggerScan (D:\Louis\Task\BCC\bcc 1\bcc\backend\src\modules\seoWorkspace\controllers\monitoring.controller.js:37:14)
    at process.processTicksAndRejections (node:internal/process/task_queues:105:5)\n\n
